// Jest Snapshot v1, https://goo.gl/fbAQLP

exports[`components/EmptyRows should render empty rows successfully 1`] = `
<Fragment>
  <tr
    key="0"
  >
    <td
      key="0"
    >
      <Skeleton
        duration={2000}
        height={16}
        variant="text"
        width="50%"
      />
    </td>
  </tr>
</Fragment>
`;
